dele@VPNSERVER:~$ sudo tail -n 20 /var/log/apache2/error.log
[Tue Nov 18 13:51:01.821917 2025] [php:error] [pid 3618] [client 192.168.10.20:40726] PHP Fatal error: Uncaught mysqli_sql_exception: Access denied for user 'root'@'localhost' in /var/www/html/dvwa/dvwa/includes/DBMS/MySQL.php:13\nStack trace:...
dele@VPNSERVER:~$ sudo mysql
Welcome to the MariaDB monitor. Commands end with ; or \g.
Your MariaDB connection id is 48
Server version: 10.6.22-MariaDB-0ubuntu0.22.04.1 Ubuntu 22.04

Copyright (c) 2000, 2018, Oracle, MariaDB Corporation Ab and others.

Type 'help;' or '\h' for help. Type '\c' to clear the current input statement.

MariaDB [(none)]> CREATE USER 'dvwa_user'@'localhost' IDENTIFIED BY 'password';
Query OK, 0 rows affected (0.014 sec)

MariaDB [(none)]> GRANT ALL PRIVILEGES ON dvwa.* TO 'dvwa_user'@'localhost' IDENTIFIED BY 'password' WITH GRANT OPTION;
Query OK, 0 rows affected (0.008 sec)

MariaDB [(none)]> FLUSH PRIVILEGES;
Query OK, 0 rows affected (0.003 sec)

MariaDB [(none)]> exit
Bye
dele@VPNSERVER:~$ sudo nano /var/www/html/dvwa/config/config.inc.php
# (Content of config file was edited to change db_user and db_password)
dele@VPNSERVER:~$ git add .
# (Output of git add was not recorded)
dele@VPNSERVER:~$ git commit -m "COMPLETED: DVWA Setup fixes and final login confirmation"
[main d632ccb] COMPLETED: DVWA Setup fixes and final login confirmation
 2 files changed, 18 deletions(-)
 create mode 100644 .log.txt.swp
 delete mode 100644 proof_log.txt
dele@dele-VirtualBox:~/WebApp-Vuln-Assessment$ git push origin main
Username for 'https://github.com': Ohdele
Password for 'https://Ohdele@github.com':
Enumerating objects: 4, done.
Counting objects: 100% (4/4), done.
Delta compression using up to 2 threads
Compressing objects: 100% (2/2), done.
Writing objects: 100% (3/3), 345 bytes | 345.00 KiB/s, done.
Total 3 (delta 0), reused 0 (delta 0), pack-reused 0
To https://github.com/Ohdele/WebApp-Vuln-Assessment.git
 cb8d046..d632ccb main -> main
dele@dele-VirtualBox:~/WebApp-Vuln-Assessment$
